<link href="../css/with-url.css">
<script src="../images/ocean.jpg"></script>
<script src="../js/bye.js"></script>
